Microchip MPLAB XC8 Compiler V1.33 ()

Linker command line:

--edf=C:\Program Files (x86)\Microchip\xc8\v1.33\dat\en_msgs.txt -cs \
  -h+dist/default/production\Snake.X.production.sym \
  --cmf=dist/default/production\Snake.X.production.cmf -z -Q18F4550 \
  -oC:\Users\user\AppData\Local\Temp\s35o.6 \
  -Mdist/default/production/Snake.X.production.map -E1 -ver=XC8 \
  -ASTACK=0C2h-07ffh -pstack=STACK -ACODE=00h-07FFFh -ACONST=00h-07FFFh \
  -ASMALLCONST=0800h-08FFhx120 -AMEDIUMCONST=0800h-07FFFh -ACOMRAM=01h-05Fh \
  -AABS1=00h-07FFh -ABIGRAM=01h-07FFh -ARAM=060h-0FFh,0100h-01FFhx7 \
  -ABANK0=060h-0FFh -ABANK1=0100h-01FFh -ABANK2=0200h-02FFh \
  -ABANK3=0300h-03FFh -ABANK4=0400h-04FFh -ABANK5=0500h-05FFh \
  -ABANK6=0600h-06FFh -ABANK7=0700h-07FFh -ASFR=0F60h-0FFFh \
  -preset_vec=00h,intcode,intcodelo,powerup,init,end_init -pramtop=0800h \
  -psmallconst=SMALLCONST -pmediumconst=MEDIUMCONST -pconst=CONST \
  -AFARRAM=00h-00h -ACONFIG=0300000h-030000Dh -pconfig=CONFIG \
  -AIDLOC=0200000h-0200007h -pidloc=IDLOC -AEEDATA=0F00000h-0F000FFh \
  -peeprom_data=EEDATA \
  -prdata=COMRAM,nvrram=COMRAM,nvbit=COMRAM,rbss=COMRAM,rbit=COMRAM \
  -pfarbss=FARRAM,fardata=FARRAM,nvFARRAM=FARRAM \
  -pintsave_regs=BIGRAM,bigbss=BIGRAM,bigdata=BIGRAM -pbss=RAM \
  -pidata=CODE,irdata=CODE,ibigdata=CODE,ifardata=CODE \
  C:\Users\user\AppData\Local\Temp\s35o.obj \
  dist/default/production\Snake.X.production.obj 

Object code version is 3.11

Machine type is 18F4550

Call graph: (short form)




                Name                               Link     Load   Length Selector   Space Scale
C:\Users\user\AppData\Local\Temp\s35o.obj
                end_init                              0        0        4        0       0
                idloc                            200000   200000        8   200000       0
                config                           300000   300000        E   300000       0
dist/default/production\Snake.X.production.obj
                text14                             7048     7048       90     3824       0
                text13                             738A     738A       D4     39C5       0
                text12                             717C     717C       A8     38BE       0
                text11                             7224     7224       A8     3912       0
                text10                             7804     7804      1E6     3C02       0
                text9                              6FF0     6FF0       58     37F8       0
                text8                              7572     7572      132     3AB9       0
                text7                              70D8     70D8       A4     386C       0
                text6                              72CC     72CC       BE     3966       0
                text5                              6F92     6F92       26     37C9       0
                text4                              6FB8     6FB8       38     37DC       0
                text3                              76A4     76A4      160     3B52       0
                text2                              745E     745E      114     3A2F       0
                text1                              79EA     79EA      2B6     3CF5       0
                cstackCOMRAM                          1        1       5B        1       1
                cstackBANK0                          BB       BB        7       60       1
                bssBANK0                             60       60       5B       60       1
                bssCOMRAM                            5C       5C        4        1       1
                cinit                              6F74     6F74       1E     37BA       0
                text0                              7CA0     7CA0      360     3E50       0

TOTAL           Name                               Link     Load   Length     Space
        CLASS   STACK          

        CLASS   CODE           
                end_init                              0        0        4         0
                text14                             7048     7048       90         0
                text13                             738A     738A       D4         0
                text12                             717C     717C       A8         0
                text11                             7224     7224       A8         0
                text10                             7804     7804      1E6         0
                text9                              6FF0     6FF0       58         0
                text8                              7572     7572      132         0
                text7                              70D8     70D8       A4         0
                text6                              72CC     72CC       BE         0
                text5                              6F92     6F92       26         0
                text4                              6FB8     6FB8       38         0
                text3                              76A4     76A4      160         0
                text2                              745E     745E      114         0
                text1                              79EA     79EA      2B6         0
                cinit                              6F74     6F74       1E         0
                text0                              7CA0     7CA0      360         0

        CLASS   CONST          

        CLASS   SMALLCONST     

        CLASS   MEDIUMCONST    

        CLASS   COMRAM         
                cstackCOMRAM                          1        1       5B         1
                bssCOMRAM                            5C       5C        4         1

        CLASS   ABS1           

        CLASS   BIGRAM         

        CLASS   RAM            

        CLASS   BANK0          
                cstackBANK0                          BB       BB        7         1
                bssBANK0                             60       60       5B         1

        CLASS   BANK1          

        CLASS   BANK2          

        CLASS   BANK3          

        CLASS   BANK4          

        CLASS   BANK5          

        CLASS   BANK6          

        CLASS   BANK7          

        CLASS   SFR            

        CLASS   FARRAM         

        CLASS   CONFIG         
                config                           300000   300000        E         0

        CLASS   IDLOC          
                idloc                            200000   200000        8         0

        CLASS   EEDATA         



SEGMENTS        Name                           Load    Length   Top    Selector   Space  Class

                reset_vec                      000000  000004  000004         0       0  CODE    
                cstackCOMRAM                   000001  00005F  000060         1       1  COMRAM  
                bssBANK0                       000060  000062  0000C2        60       1  BANK0   
                cinit                          006F74  00001E  006F92      37BA       0  CODE    
                text5                          006F92  000026  006FB8      37C9       0  CODE    
                text4                          006FB8  000038  006FF0      37DC       0  CODE    
                text9                          006FF0  000058  007048      37F8       0  CODE    
                text14                         007048  000090  0070D8      3824       0  CODE    
                text7                          0070D8  0000A4  00717C      386C       0  CODE    
                text12                         00717C  0000A8  007224      38BE       0  CODE    
                text11                         007224  0000A8  0072CC      3912       0  CODE    
                text6                          0072CC  0000BE  00738A      3966       0  CODE    
                text13                         00738A  0000D4  00745E      39C5       0  CODE    
                text2                          00745E  000114  007572      3A2F       0  CODE    
                text8                          007572  000132  0076A4      3AB9       0  CODE    
                text3                          0076A4  000160  007804      3B52       0  CODE    
                text10                         007804  0001E6  0079EA      3C02       0  CODE    
                text1                          0079EA  0002B6  007CA0      3CF5       0  CODE    
                text0                          007CA0  000360  008000      3E50       0  CODE    
                idloc                          200000  000008  200008    200000       0  IDLOC   
                config                         300000  00000E  30000E    300000       0  CONFIG  


UNUSED ADDRESS RANGES

        Name                Unused          Largest block    Delta
        BANK0            0000C2-0000FF               3E
        BANK1            000100-0001FF              100
        BANK2            000200-0002FF              100
        BANK3            000300-0003FF              100
        BANK4            000400-0004FF              100
        BANK5            000500-0005FF              100
        BANK6            000600-0006FF              100
        BANK7            000700-0007FF              100
        BIGRAM           0000C2-0007FF              73E
        CODE             000004-006F73             6F70
        CONST            000004-006F73             6F70
        EEDATA           F00000-F000FF              100
        MEDIUMCONST      000800-006F73             6774
        RAM              0000C2-0007FF              100
        SFR              000F60-000FFF               A0
        SMALLCONST       000800-006F73              100
        STACK            0000C2-0007FF              73E

                                  Symbol Table

?_PlaceFeed                cstackCOMRAM 000009
?___awdiv                  cstackCOMRAM 000001
?___awmod                  cstackCOMRAM 000001
?___wmul                   cstackCOMRAM 000007
ControllForCrush@it        cstackCOMRAM 00000B
Delay1Second@i             cstackCOMRAM 000002
Draw@it                    cstackCOMRAM 000009
DrawMatris@i               cstackCOMRAM 000009
DrawMatris@j               cstackCOMRAM 00000B
DrawMatris@matris          cstackCOMRAM 000003
Move@nx                    cstackCOMRAM 000004
Move@ny                    cstackCOMRAM 000006
Out_B@o                    cstackCOMRAM 000001
Out_B@pin                  cstackCOMRAM 000002
Out_D@o                    cstackCOMRAM 000001
Out_D@pin                  cstackCOMRAM 000002
PlaceFeed@it               cstackCOMRAM 00000D
PlaceFeed@s                cstackCOMRAM 000009
_ControllForCrush          text13       00738A
_Delay1Second              text4        006FB8
_Draw                      text10       007804
_DrawMatris                text2        00745E
_Init_Game                 text9        006FF0
_LATB0                     (abs)        007C50
_LATB1                     (abs)        007C51
_LATB2                     (abs)        007C52
_LATB3                     (abs)        007C53
_LATB4                     (abs)        007C54
_LATB5                     (abs)        007C55
_LATB6                     (abs)        007C56
_LATB7                     (abs)        007C57
_LATD0                     (abs)        007C60
_LATD1                     (abs)        007C61
_LATD2                     (abs)        007C62
_LATD3                     (abs)        007C63
_LATD4                     (abs)        007C64
_LATD5                     (abs)        007C65
_LATD6                     (abs)        007C66
_LATD7                     (abs)        007C67
_Move                      text8        007572
_Out_B                     text12       00717C
_Out_D                     text11       007224
_PORTCbits                 (abs)        000F82
_PlaceFeed                 text6        0072CC
_TRISBbits                 (abs)        000F93
_TRISCbits                 (abs)        000F94
_TRISDbits                 (abs)        000F95
__CFG_BOR$OFF              (abs)        000000
__CFG_BORV$3               (abs)        000000
__CFG_CP0$OFF              (abs)        000000
__CFG_CP1$OFF              (abs)        000000
__CFG_CP2$OFF              (abs)        000000
__CFG_CP3$OFF              (abs)        000000
__CFG_CPB$OFF              (abs)        000000
__CFG_CPD$OFF              (abs)        000000
__CFG_CPUDIV$OSC1_PLL2     (abs)        000000
__CFG_FCMEN$OFF            (abs)        000000
__CFG_FOSC$INTOSCIO_EC     (abs)        000000
__CFG_IESO$OFF             (abs)        000000
__CFG_PLLDIV$5             (abs)        000000
__CFG_PWRT$OFF             (abs)        000000
__CFG_USBDIV$2             (abs)        000000
__CFG_VREGEN$OFF           (abs)        000000
__CFG_WDT$OFF              (abs)        000000
__CFG_WRT0$OFF             (abs)        000000
__CFG_WRT1$OFF             (abs)        000000
__CFG_WRT2$OFF             (abs)        000000
__CFG_WRT3$OFF             (abs)        000000
__HRAM                     (abs)        000000
__Habs1                    abs1         000000
__Hbank0                   bank0        000000
__Hbank1                   bank1        000000
__Hbank2                   bank2        000000
__Hbank3                   bank3        000000
__Hbank4                   bank4        000000
__Hbank5                   bank5        000000
__Hbank6                   bank6        000000
__Hbank7                   bank7        000000
__Hbigbss                  bigbss       000000
__Hbigdata                 bigdata      000000
__Hbigram                  bigram       000000
__Hbss                     bss          000000
__HbssBANK0                bssBANK0     000000
__HbssCOMRAM               bssCOMRAM    000000
__Hcinit                   cinit        000000
__Hclrtext                 clrtext      000000
__Hcomram                  comram       000000
__Hconfig                  config       30000E
__Hconst                   const        000000
__HcstackBANK0             cstackBANK0  000000
__HcstackCOMRAM            cstackCOMRAM 000000
__Hdata                    data         000000
__Heeprom_data             eeprom_data  000000
__Hend_init                end_init     000004
__Hfarbss                  farbss       000000
__Hfardata                 fardata      000000
__Hibigdata                ibigdata     000000
__Hidata                   idata        000000
__Hidloc                   idloc        200008
__Hifardata                ifardata     000000
__Hinit                    init         000000
__Hintcode                 intcode      000000
__Hintcode_body            intcode_body 000000
__Hintcodelo               intcodelo    000000
__Hintentry                intentry     000000
__Hintret                  intret       000000
__Hintsave_regs            intsave_regs 000000
__Hirdata                  irdata       000000
__Hmediumconst             mediumconst  000000
__HnvFARRAM                nvFARRAM     000000
__Hnvbit                   nvbit        000000
__Hnvrram                  nvrram       000000
__Hparam                   rparam       000000
__Hpowerup                 powerup      000000
__Hram                     ram          000000
__Hramtop                  ramtop       000800
__Hrbit                    rbit         000000
__Hrbss                    rbss         000000
__Hrdata                   rdata        000000
__Hreset_vec               reset_vec    000000
__Hrparam                  rparam       000000
__Hsfr                     sfr          000000
__Hsmallconst              smallconst   000000
__Hspace_0                 (abs)        30000E
__Hspace_1                 (abs)        0000C2
__Hspace_2                 (abs)        000000
__Hstack                   stack        000000
__Hstruct                  struct       000000
__Htemp                    temp         000000
__Htext                    text         000000
__Htext0                   text0        000000
__Htext1                   text1        000000
__Htext10                  text10       000000
__Htext11                  text11       000000
__Htext12                  text12       000000
__Htext13                  text13       000000
__Htext14                  text14       000000
__Htext2                   text2        000000
__Htext3                   text3        000000
__Htext4                   text4        000000
__Htext5                   text5        000000
__Htext6                   text6        000000
__Htext7                   text7        000000
__Htext8                   text8        000000
__Htext9                   text9        000000
__LRAM                     (abs)        000001
__Labs1                    abs1         000000
__Lbank0                   bank0        000000
__Lbank1                   bank1        000000
__Lbank2                   bank2        000000
__Lbank3                   bank3        000000
__Lbank4                   bank4        000000
__Lbank5                   bank5        000000
__Lbank6                   bank6        000000
__Lbank7                   bank7        000000
__Lbigbss                  bigbss       000000
__Lbigdata                 bigdata      000000
__Lbigram                  bigram       000000
__Lbss                     bss          000000
__LbssBANK0                bssBANK0     000000
__LbssCOMRAM               bssCOMRAM    000000
__Lcinit                   cinit        000000
__Lclrtext                 clrtext      000000
__Lcomram                  comram       000000
__Lconfig                  config       300000
__Lconst                   const        000000
__LcstackBANK0             cstackBANK0  000000
__LcstackCOMRAM            cstackCOMRAM 000000
__Ldata                    data         000000
__Leeprom_data             eeprom_data  000000
__Lend_init                end_init     000000
__Lfarbss                  farbss       000000
__Lfardata                 fardata      000000
__Libigdata                ibigdata     000000
__Lidata                   idata        000000
__Lidloc                   idloc        200000
__Lifardata                ifardata     000000
__Linit                    init         000000
__Lintcode                 intcode      000000
__Lintcode_body            intcode_body 000000
__Lintcodelo               intcodelo    000000
__Lintentry                intentry     000000
__Lintret                  intret       000000
__Lintsave_regs            intsave_regs 000000
__Lirdata                  irdata       000000
__Lmediumconst             mediumconst  000000
__LnvFARRAM                nvFARRAM     000000
__Lnvbit                   nvbit        000000
__Lnvrram                  nvrram       000000
__Lparam                   rparam       000000
__Lpowerup                 powerup      000000
__Lram                     ram          000000
__Lramtop                  ramtop       000800
__Lrbit                    rbit         000000
__Lrbss                    rbss         000000
__Lrdata                   rdata        000000
__Lreset_vec               reset_vec    000000
__Lrparam                  rparam       000000
__Lsfr                     sfr          000000
__Lsmallconst              smallconst   000000
__Lspace_0                 (abs)        000000
__Lspace_1                 (abs)        000000
__Lspace_2                 (abs)        000000
__Lstack                   stack        000000
__Lstruct                  struct       000000
__Ltemp                    temp         000000
__Ltext                    text         000000
__Ltext0                   text0        000000
__Ltext1                   text1        000000
__Ltext10                  text10       000000
__Ltext11                  text11       000000
__Ltext12                  text12       000000
__Ltext13                  text13       000000
__Ltext14                  text14       000000
__Ltext2                   text2        000000
__Ltext3                   text3        000000
__Ltext4                   text4        000000
__Ltext5                   text5        000000
__Ltext6                   text6        000000
__Ltext7                   text7        000000
__Ltext8                   text8        000000
__Ltext9                   text9        000000
__S0                       (abs)        30000E
__S1                       (abs)        0000C2
__S2                       (abs)        000000
___awdiv                   text7        0070D8
___awdiv@counter           cstackCOMRAM 000005
___awdiv@dividend          cstackCOMRAM 000001
___awdiv@divisor           cstackCOMRAM 000003
___awdiv@quotient          cstackCOMRAM 000007
___awdiv@sign              cstackCOMRAM 000006
___awmod                   text14       007048
___awmod@counter           cstackCOMRAM 000005
___awmod@dividend          cstackCOMRAM 000001
___awmod@divisor           cstackCOMRAM 000003
___awmod@sign              cstackCOMRAM 000006
___inthi_sp                stack        000000
___intlo_sp                stack        000000
___sp                      stack        000000
___wmul                    text5        006F92
___wmul@multiplicand       cstackCOMRAM 000009
___wmul@multiplier         cstackCOMRAM 000007
___wmul@product            cstackCOMRAM 00000B
__accesstop                (abs)        000060
__activetblptr             (abs)        000002
__end_of_ControllForCrush  text13       00745E
__end_of_Delay1Second      text4        006FF0
__end_of_Draw              text10       0079EA
__end_of_DrawMatris        text2        007572
__end_of_Init_Game         text9        007048
__end_of_Move              text8        0076A4
__end_of_Out_B             text12       007224
__end_of_Out_D             text11       0072CC
__end_of_PlaceFeed         text6        00738A
__end_of___awdiv           text7        00717C
__end_of___awmod           text14       0070D8
__end_of___wmul            text5        006FB8
__end_of__initialization   cinit        006F88
__end_of_init              text3        007804
__end_of_main              text0        008000
__end_of_p321              text1        007CA0
__initialization           cinit        006F74
__mediumconst              mediumconst  000000
__pbssBANK0                bssBANK0     000060
__pbssCOMRAM               bssCOMRAM    00005C
__pcinit                   cinit        006F74
__pcstackBANK0             cstackBANK0  0000BB
__pcstackCOMRAM            cstackCOMRAM 000001
__ptext0                   text0        007CA0
__ptext1                   text1        0079EA
__ptext10                  text10       007804
__ptext11                  text11       007224
__ptext12                  text12       00717C
__ptext13                  text13       00738A
__ptext14                  text14       007048
__ptext2                   text2        00745E
__ptext3                   text3        0076A4
__ptext4                   text4        006FB8
__ptext5                   text5        006F92
__ptext6                   text6        0072CC
__ptext7                   text7        0070D8
__ptext8                   text8        007572
__ptext9                   text9        006FF0
__ramtop                   ramtop       000800
__size_of_ControllForCrush (abs)        000000
__size_of_Delay1Second     (abs)        000000
__size_of_Draw             (abs)        000000
__size_of_DrawMatris       (abs)        000000
__size_of_Init_Game        (abs)        000000
__size_of_Move             (abs)        000000
__size_of_Out_B            (abs)        000000
__size_of_Out_D            (abs)        000000
__size_of_PlaceFeed        (abs)        000000
__size_of___awdiv          (abs)        000000
__size_of___awmod          (abs)        000000
__size_of___wmul           (abs)        000000
__size_of_init             (abs)        000000
__size_of_main             (abs)        000000
__size_of_p321             (abs)        000000
__smallconst               smallconst   000000
_dir                       bssBANK0     0000B6
_end                       bssBANK0     0000B2
_feedx                     bssCOMRAM    00005E
_feedy                     bssCOMRAM    00005F
_init                      text3        0076A4
_isLButtonPressed          bssBANK0     0000B7
_isLButtonPressing         bssBANK0     0000B8
_isRButtonPressed          bssBANK0     0000B9
_isRButtonPressing         bssBANK0     0000BA
_main                      text0        007CA0
_p321                      text1        0079EA
_size                      bssBANK0     0000B4
_snake                     bssBANK0     000060
_start                     bssCOMRAM    00005C
end_of_initialization      cinit        006F88
init@i                     cstackCOMRAM 000008
init@j                     cstackCOMRAM 00000A
intlevel0                  text         000000
intlevel1                  text         000000
intlevel2                  text         000000
intlevel3                  text         000000
main@divConstant           cstackBANK0  0000BB
main@loopConstant          cstackBANK0  0000BC
main@loopCount             cstackBANK0  0000BE
main@minLoop               cstackBANK0  0000BD
main@pseudoTime            cstackBANK0  0000BF
main@t                     cstackBANK0  0000C1
p321@i                     cstackCOMRAM 000053
p321@j                     cstackCOMRAM 000051
p321@mm                    cstackCOMRAM 000011
stackhi                    (abs)        0007FF
stacklo                    (abs)        0000C2
start                      init         000000
start_initialization       cinit        006F74


FUNCTION INFORMATION:

 *************** function _main *****************
 Defined at:
		line 57 in file "newmain.c"
 Parameters:    Size  Location     Type
  argc            2   84[COMRAM] int 
  argv            3   86[COMRAM] PTR PTR unsigned char 
 Auto vars:     Size  Location     Type
  pseudoTime      2    4[BANK0 ] int 
  t               1    6[BANK0 ] unsigned char 
  loopCount       1    3[BANK0 ] unsigned char 
  minLoop         1    2[BANK0 ] unsigned char 
  loopConstant    1    1[BANK0 ] unsigned char 
  divConstant     1    0[BANK0 ] unsigned char 
 Return value:  Size  Location     Type
		None               void
 Registers used:
		wreg, fsr1l, fsr1h, fsr2l, fsr2h, status,2, status,0, prodl, prodh, cstack
 Tracked objects:
		On entry : 
		On exit  : 
		Unchanged: 
 Data sizes:     COMRAM   BANK0   BANK1   BANK2   BANK3   BANK4   BANK5   BANK6   BANK7
      Params:         5       0       0       0       0       0       0       0       0
      Locals:         0       7       0       0       0       0       0       0       0
      Temps:          2       0       0       0       0       0       0       0       0
      Totals:         7       7       0       0       0       0       0       0       0
Total ram usage:       14 bytes
 Hardware stack levels required when called:    3
 This function calls:
		_ControllForCrush
		_Draw
		_Init_Game
		_Move
		_PlaceFeed
		___awdiv
		___awmod
		___wmul
		_init
		_p321
 This function is called by:
		Startup code after reset
 This function uses a non-reentrant model


 *************** function _p321 *****************
 Defined at:
		line 440 in file "newmain.c"
 Parameters:    Size  Location     Type
		None
 Auto vars:     Size  Location     Type
  mm             64   16[COMRAM] unsigned char [8][8]
  i               2   82[COMRAM] int 
  j               2   80[COMRAM] int 
 Return value:  Size  Location     Type
		None               void
 Registers used:
		wreg, fsr2l, fsr2h, status,2, status,0, cstack
 Tracked objects:
		On entry : 
		On exit  : 
		Unchanged: 
 Data sizes:     COMRAM   BANK0   BANK1   BANK2   BANK3   BANK4   BANK5   BANK6   BANK7
      Params:         0       0       0       0       0       0       0       0       0
      Locals:        68       0       0       0       0       0       0       0       0
      Temps:          4       0       0       0       0       0       0       0       0
      Totals:        72       0       0       0       0       0       0       0       0
Total ram usage:       72 bytes
 Hardware stack levels used:    1
 Hardware stack levels required when called:    2
 This function calls:
		_DrawMatris
 This function is called by:
		_main
 This function uses a non-reentrant model


 *************** function _DrawMatris *****************
 Defined at:
		line 322 in file "newmain.c"
 Parameters:    Size  Location     Type
  matris          2    2[COMRAM] PTR unsigned char [8]
		 -> p321@mm(64), 
 Auto vars:     Size  Location     Type
  j               2   10[COMRAM] int 
  i               2    8[COMRAM] int 
 Return value:  Size  Location     Type
		None               void
 Registers used:
		wreg, fsr2l, fsr2h, status,2, status,0, cstack
 Tracked objects:
		On entry : 
		On exit  : 
		Unchanged: 
 Data sizes:     COMRAM   BANK0   BANK1   BANK2   BANK3   BANK4   BANK5   BANK6   BANK7
      Params:         2       0       0       0       0       0       0       0       0
      Locals:         4       0       0       0       0       0       0       0       0
      Temps:          4       0       0       0       0       0       0       0       0
      Totals:        10       0       0       0       0       0       0       0       0
Total ram usage:       10 bytes
 Hardware stack levels used:    1
 Hardware stack levels required when called:    1
 This function calls:
		_Out_B
		_Out_D
 This function is called by:
		_p321
 This function uses a non-reentrant model


 *************** function _init *****************
 Defined at:
		line 371 in file "newmain.c"
 Parameters:    Size  Location     Type
		None
 Auto vars:     Size  Location     Type
  j               2    9[COMRAM] int 
  i               2    7[COMRAM] int 
 Return value:  Size  Location     Type
		None               void
 Registers used:
		wreg, fsr2l, fsr2h, status,2, status,0, cstack
 Tracked objects:
		On entry : 
		On exit  : 
		Unchanged: 
 Data sizes:     COMRAM   BANK0   BANK1   BANK2   BANK3   BANK4   BANK5   BANK6   BANK7
      Params:         0       0       0       0       0       0       0       0       0
      Locals:         4       0       0       0       0       0       0       0       0
      Temps:          4       0       0       0       0       0       0       0       0
      Totals:         8       0       0       0       0       0       0       0       0
Total ram usage:        8 bytes
 Hardware stack levels used:    1
 Hardware stack levels required when called:    1
 This function calls:
		_Delay1Second
		_Out_B
		_Out_D
 This function is called by:
		_main
 This function uses a non-reentrant model


 *************** function _Delay1Second *****************
 Defined at:
		line 554 in file "newmain.c"
 Parameters:    Size  Location     Type
		None
 Auto vars:     Size  Location     Type
  i               2    1[COMRAM] int 
 Return value:  Size  Location     Type
		None               void
 Registers used:
		wreg, status,2, status,0
 Tracked objects:
		On entry : 
		On exit  : 
		Unchanged: 
 Data sizes:     COMRAM   BANK0   BANK1   BANK2   BANK3   BANK4   BANK5   BANK6   BANK7
      Params:         0       0       0       0       0       0       0       0       0
      Locals:         2       0       0       0       0       0       0       0       0
      Temps:          1       0       0       0       0       0       0       0       0
      Totals:         3       0       0       0       0       0       0       0       0
Total ram usage:        3 bytes
 Hardware stack levels used:    1
 This function calls:
		Nothing
 This function is called by:
		_init
 This function uses a non-reentrant model


 *************** function ___wmul *****************
 Defined at:
		line 15 in file "C:\Program Files (x86)\Microchip\xc8\v1.33\sources\common\Umul16.c"
 Parameters:    Size  Location     Type
  multiplier      2    6[COMRAM] unsigned int 
  multiplicand    2    8[COMRAM] unsigned int 
 Auto vars:     Size  Location     Type
  product         2   10[COMRAM] unsigned int 
 Return value:  Size  Location     Type
                  2    6[COMRAM] unsigned int 
 Registers used:
		wreg, status,2, status,0, prodl, prodh
 Tracked objects:
		On entry : 
		On exit  : 
		Unchanged: 
 Data sizes:     COMRAM   BANK0   BANK1   BANK2   BANK3   BANK4   BANK5   BANK6   BANK7
      Params:         4       0       0       0       0       0       0       0       0
      Locals:         2       0       0       0       0       0       0       0       0
      Temps:          0       0       0       0       0       0       0       0       0
      Totals:         6       0       0       0       0       0       0       0       0
Total ram usage:        6 bytes
 Hardware stack levels used:    1
 This function calls:
		Nothing
 This function is called by:
		_main
 This function uses a non-reentrant model


 *************** function _PlaceFeed *****************
 Defined at:
		line 264 in file "newmain.c"
 Parameters:    Size  Location     Type
  s               2    8[COMRAM] int 
 Auto vars:     Size  Location     Type
  it              2   12[COMRAM] int 
 Return value:  Size  Location     Type
                  2    8[COMRAM] int 
 Registers used:
		wreg, fsr2l, fsr2h, status,2, status,0, prodl, cstack
 Tracked objects:
		On entry : 
		On exit  : 
		Unchanged: 
 Data sizes:     COMRAM   BANK0   BANK1   BANK2   BANK3   BANK4   BANK5   BANK6   BANK7
      Params:         2       0       0       0       0       0       0       0       0
      Locals:         2       0       0       0       0       0       0       0       0
      Temps:          2       0       0       0       0       0       0       0       0
      Totals:         6       0       0       0       0       0       0       0       0
Total ram usage:        6 bytes
 Hardware stack levels used:    1
 Hardware stack levels required when called:    1
 This function calls:
		___awdiv
		___awmod
 This function is called by:
		_main
 This function uses a non-reentrant model


 *************** function ___awdiv *****************
 Defined at:
		line 8 in file "C:\Program Files (x86)\Microchip\xc8\v1.33\sources\common\awdiv.c"
 Parameters:    Size  Location     Type
  dividend        2    0[COMRAM] int 
  divisor         2    2[COMRAM] int 
 Auto vars:     Size  Location     Type
  quotient        2    6[COMRAM] int 
  sign            1    5[COMRAM] unsigned char 
  counter         1    4[COMRAM] unsigned char 
 Return value:  Size  Location     Type
                  2    0[COMRAM] int 
 Registers used:
		wreg, status,2, status,0, prodl
 Tracked objects:
		On entry : 
		On exit  : 
		Unchanged: 
 Data sizes:     COMRAM   BANK0   BANK1   BANK2   BANK3   BANK4   BANK5   BANK6   BANK7
      Params:         4       0       0       0       0       0       0       0       0
      Locals:         4       0       0       0       0       0       0       0       0
      Temps:          0       0       0       0       0       0       0       0       0
      Totals:         8       0       0       0       0       0       0       0       0
Total ram usage:        8 bytes
 Hardware stack levels used:    1
 This function calls:
		Nothing
 This function is called by:
		_main
		_PlaceFeed
 This function uses a non-reentrant model


 *************** function _Move *****************
 Defined at:
		line 248 in file "newmain.c"
 Parameters:    Size  Location     Type
		None
 Auto vars:     Size  Location     Type
  ny              2    5[COMRAM] int 
  nx              2    3[COMRAM] int 
 Return value:  Size  Location     Type
		None               void
 Registers used:
		wreg, fsr2l, fsr2h, status,2, status,0
 Tracked objects:
		On entry : 
		On exit  : 
		Unchanged: 
 Data sizes:     COMRAM   BANK0   BANK1   BANK2   BANK3   BANK4   BANK5   BANK6   BANK7
      Params:         0       0       0       0       0       0       0       0       0
      Locals:         4       0       0       0       0       0       0       0       0
      Temps:          3       0       0       0       0       0       0       0       0
      Totals:         7       0       0       0       0       0       0       0       0
Total ram usage:        7 bytes
 Hardware stack levels used:    1
 This function calls:
		Nothing
 This function is called by:
		_main
 This function uses a non-reentrant model


 *************** function _Init_Game *****************
 Defined at:
		line 204 in file "newmain.c"
 Parameters:    Size  Location     Type
		None
 Auto vars:     Size  Location     Type
		None
 Return value:  Size  Location     Type
		None               void
 Registers used:
		wreg, status,2
 Tracked objects:
		On entry : 
		On exit  : 
		Unchanged: 
 Data sizes:     COMRAM   BANK0   BANK1   BANK2   BANK3   BANK4   BANK5   BANK6   BANK7
      Params:         0       0       0       0       0       0       0       0       0
      Locals:         0       0       0       0       0       0       0       0       0
      Temps:          0       0       0       0       0       0       0       0       0
      Totals:         0       0       0       0       0       0       0       0       0
Total ram usage:        0 bytes
 Hardware stack levels used:    1
 This function calls:
		Nothing
 This function is called by:
		_main
 This function uses a non-reentrant model


 *************** function _Draw *****************
 Defined at:
		line 284 in file "newmain.c"
 Parameters:    Size  Location     Type
		None
 Auto vars:     Size  Location     Type
  it              2    8[COMRAM] int 
 Return value:  Size  Location     Type
		None               void
 Registers used:
		wreg, fsr2l, fsr2h, status,2, status,0, prodl, cstack
 Tracked objects:
		On entry : 
		On exit  : 
		Unchanged: 
 Data sizes:     COMRAM   BANK0   BANK1   BANK2   BANK3   BANK4   BANK5   BANK6   BANK7
      Params:         0       0       0       0       0       0       0       0       0
      Locals:         2       0       0       0       0       0       0       0       0
      Temps:          2       0       0       0       0       0       0       0       0
      Totals:         4       0       0       0       0       0       0       0       0
Total ram usage:        4 bytes
 Hardware stack levels used:    1
 Hardware stack levels required when called:    1
 This function calls:
		_Out_B
		_Out_D
		___awmod
 This function is called by:
		_main
 This function uses a non-reentrant model


 *************** function _Out_D *****************
 Defined at:
		line 341 in file "newmain.c"
 Parameters:    Size  Location     Type
  pin             1    wreg     unsigned char 
  o               1    0[COMRAM] unsigned char 
 Auto vars:     Size  Location     Type
  pin             1    1[COMRAM] unsigned char 
 Return value:  Size  Location     Type
		None               void
 Registers used:
		wreg, status,2, status,0
 Tracked objects:
		On entry : 
		On exit  : 
		Unchanged: 
 Data sizes:     COMRAM   BANK0   BANK1   BANK2   BANK3   BANK4   BANK5   BANK6   BANK7
      Params:         1       0       0       0       0       0       0       0       0
      Locals:         1       0       0       0       0       0       0       0       0
      Temps:          0       0       0       0       0       0       0       0       0
      Totals:         2       0       0       0       0       0       0       0       0
Total ram usage:        2 bytes
 Hardware stack levels used:    1
 This function calls:
		Nothing
 This function is called by:
		_Draw
		_DrawMatris
		_init
 This function uses a non-reentrant model


 *************** function _Out_B *****************
 Defined at:
		line 356 in file "newmain.c"
 Parameters:    Size  Location     Type
  pin             1    wreg     unsigned char 
  o               1    0[COMRAM] unsigned char 
 Auto vars:     Size  Location     Type
  pin             1    1[COMRAM] unsigned char 
 Return value:  Size  Location     Type
		None               void
 Registers used:
		wreg, status,2, status,0
 Tracked objects:
		On entry : 
		On exit  : 
		Unchanged: 
 Data sizes:     COMRAM   BANK0   BANK1   BANK2   BANK3   BANK4   BANK5   BANK6   BANK7
      Params:         1       0       0       0       0       0       0       0       0
      Locals:         1       0       0       0       0       0       0       0       0
      Temps:          0       0       0       0       0       0       0       0       0
      Totals:         2       0       0       0       0       0       0       0       0
Total ram usage:        2 bytes
 Hardware stack levels used:    1
 This function calls:
		Nothing
 This function is called by:
		_Draw
		_DrawMatris
		_init
 This function uses a non-reentrant model


 *************** function _ControllForCrush *****************
 Defined at:
		line 233 in file "newmain.c"
 Parameters:    Size  Location     Type
		None
 Auto vars:     Size  Location     Type
  it              2   10[COMRAM] int 
 Return value:  Size  Location     Type
                  1    wreg      unsigned char 
 Registers used:
		wreg, fsr1l, fsr1h, fsr2l, fsr2h, status,2, status,0, prodl, cstack
 Tracked objects:
		On entry : 
		On exit  : 
		Unchanged: 
 Data sizes:     COMRAM   BANK0   BANK1   BANK2   BANK3   BANK4   BANK5   BANK6   BANK7
      Params:         0       0       0       0       0       0       0       0       0
      Locals:         2       0       0       0       0       0       0       0       0
      Temps:          4       0       0       0       0       0       0       0       0
      Totals:         6       0       0       0       0       0       0       0       0
Total ram usage:        6 bytes
 Hardware stack levels used:    1
 Hardware stack levels required when called:    1
 This function calls:
		___awmod
 This function is called by:
		_main
 This function uses a non-reentrant model


 *************** function ___awmod *****************
 Defined at:
		line 8 in file "C:\Program Files (x86)\Microchip\xc8\v1.33\sources\common\awmod.c"
 Parameters:    Size  Location     Type
  dividend        2    0[COMRAM] int 
  divisor         2    2[COMRAM] int 
 Auto vars:     Size  Location     Type
  sign            1    5[COMRAM] unsigned char 
  counter         1    4[COMRAM] unsigned char 
 Return value:  Size  Location     Type
                  2    0[COMRAM] int 
 Registers used:
		wreg, status,2, status,0, prodl
 Tracked objects:
		On entry : 
		On exit  : 
		Unchanged: 
 Data sizes:     COMRAM   BANK0   BANK1   BANK2   BANK3   BANK4   BANK5   BANK6   BANK7
      Params:         4       0       0       0       0       0       0       0       0
      Locals:         2       0       0       0       0       0       0       0       0
      Temps:          0       0       0       0       0       0       0       0       0
      Totals:         6       0       0       0       0       0       0       0       0
Total ram usage:        6 bytes
 Hardware stack levels used:    1
 This function calls:
		Nothing
 This function is called by:
		_main
		_ControllForCrush
		_PlaceFeed
		_Draw
 This function uses a non-reentrant model



MODULE INFORMATION

Module		Function		Class		Link	Load	Size
C:\Program Files (x86)\Microchip\xc8\v1.33\sources\common\awmod.c
		___awmod       		CODE           	7048	0000	144

C:\Program Files (x86)\Microchip\xc8\v1.33\sources\common\awmod.c estimated size: 144

C:\Program Files (x86)\Microchip\xc8\v1.33\sources\common\Umul16.c
		___wmul        		CODE           	6F92	0000	38

C:\Program Files (x86)\Microchip\xc8\v1.33\sources\common\Umul16.c estimated size: 38

newmain.c
		_Move          		CODE           	7572	0000	306
		_init          		CODE           	76A4	0000	352
		_DrawMatris    		CODE           	745E	0000	276
		_ControllForCru		CODE           	738A	0000	212
		_Init_Game     		CODE           	6FF0	0000	88
		_Out_D         		CODE           	7224	0000	168
		_main          		CODE           	7CA0	0000	864
		_Draw          		CODE           	7804	0000	486
		_p321          		CODE           	79EA	0000	694
		_Delay1Second  		CODE           	6FB8	0000	56
		_PlaceFeed     		CODE           	72CC	0000	190
		_Out_B         		CODE           	717C	0000	168

newmain.c estimated size: 3860

C:\Program Files (x86)\Microchip\xc8\v1.33\sources\common\awdiv.c
		___awdiv       		CODE           	70D8	0000	164

C:\Program Files (x86)\Microchip\xc8\v1.33\sources\common\awdiv.c estimated size: 164

shared
		__initializatio		CODE           	6F74	0000	20

shared estimated size: 20

